// Jest Snapshot v1, https://goo.gl/fbAQLP

exports[`<AuthorityMissing /> should match snapshot 1`] = `
<div>
  <h3>
    No certification authority
  </h3>
  <p>
    Currently there is no certificate authority (CA) dedicated to remote access. A CA is required to generate access tokens to authenticate. To proceed you need to generate it first.
  </p>
  <button
    class="btn btn-primary  offset-lg-8 col-lg-3 col-sm-12"
    type="button"
  >
     
     
    Generate CA
  </button>
</div>
`;
