// Jest Snapshot v1, https://goo.gl/fbAQLP

exports[`<AuthorityGenerating /> should match snapshot 1`] = `
<div>
  <h3>
    Generating certificate authority
  </h3>
  <div
    class="spinner-wrapper my-3 text-center"
  >
    <div
      class="spinner-border "
      role="status"
    >
      <span
        class="sr-only"
      />
    </div>
    <div
      class="spinner-text"
    />
  </div>
  <p>
    Your certificate authority is now being generated. It usually takes a few minutes. Settings will appear here automatically once the authority is ready.
  </p>
</div>
`;
